{"time":"<datetime>","level":"DEBUG","msg":"debug expected"}
{"time":"<datetime>","level":"INFO","msg":"info expected"}
{"time":"<datetime>","level":"ERROR","msg":"error expected"}
